/app/web_app.py:1: DeprecationWarning:
Eventlet is deprecated. It is currently being maintained in bugfix mode, and
we strongly recommend against using it for new projects.

If you are already using Eventlet, we recommend migrating to a different
framework.  For more detail see
https://eventlet.readthedocs.io/en/latest/asyncio/migration.html

  import eventlet
2025-12-09 02:46:01,661 - INFO - ai_assistant.code_services.service - CodeService initialized.
2025-12-09 02:46:01,661 - INFO - ai_assistant.code_services.service - CodeService initialized.
2025-12-09 02:46:01,661 - INFO - __main__ - Orchestrator initialized successfully.
2025-12-09 02:46:01,672 - INFO - werkzeug -  * Restarting with stat
2025-12-09 02:46:01,672 - INFO - __main__ - Starting telemetry watcher on /app/ai_assistant/core/data/projects
/app/web_app.py:1: DeprecationWarning:
Eventlet is deprecated. It is currently being maintained in bugfix mode, and
we strongly recommend against using it for new projects.

If you are already using Eventlet, we recommend migrating to a different
framework.  For more detail see
https://eventlet.readthedocs.io/en/latest/asyncio/migration.html

  import eventlet
2025-12-09 02:46:02,581 - INFO - ai_assistant.code_services.service - CodeService initialized.
2025-12-09 02:46:02,582 - INFO - ai_assistant.code_services.service - CodeService initialized.
2025-12-09 02:46:02,582 - INFO - __main__ - Orchestrator initialized successfully.
2025-12-09 02:46:02,592 - WARNING - werkzeug -  * Debugger is active!
2025-12-09 02:46:02,592 - INFO - werkzeug -  * Debugger PIN: 142-521-337
2025-12-09 02:46:02,596 - INFO - __main__ - Starting telemetry watcher on /app/ai_assistant/core/data/projects
(5875) wsgi starting up on http://127.0.0.1:5000
(5875) accepted ('127.0.0.1', 39340)
127.0.0.1 - - [09/Dec/2025 02:46:05] "GET /api/files/list?project_name=TestProject&path= HTTP/1.1" 400 187 0.001606
(5875) accepted ('127.0.0.1', 36534)
127.0.0.1 - - [09/Dec/2025 02:46:20] "GET /api/files/list?project_name=TestProject&path= HTTP/1.1" 400 255 0.000946
(5875) accepted ('127.0.0.1', 57378)
127.0.0.1 - - [09/Dec/2025 02:46:41] "GET /api/files/list?project_name=TestProject&path= HTTP/1.1" 200 246 0.001081
(5875) accepted ('127.0.0.1', 41796)
127.0.0.1 - - [09/Dec/2025 02:46:51] "GET / HTTP/1.1" 200 4374 0.005885
(5875) accepted ('127.0.0.1', 41798)
127.0.0.1 - - [09/Dec/2025 02:46:51] "GET /static/css/style.css HTTP/1.1" 200 8099 0.006523
127.0.0.1 - - [09/Dec/2025 02:46:51] "GET /static/js/main.js HTTP/1.1" 200 17709 0.000781
127.0.0.1 - - [09/Dec/2025 02:46:51] "GET /socket.io/?EIO=4&transport=polling&t=Pi10IP- HTTP/1.1" 200 300 0.000481
2025-12-09 02:46:51,273 - INFO - __main__ - Client connected
127.0.0.1 - - [09/Dec/2025 02:46:51] "POST /socket.io/?EIO=4&transport=polling&t=Pi10IQ6&sid=8_TY9ZY0Eztc9_SkAAAA HTTP/1.1" 200 219 0.002003
127.0.0.1 - - [09/Dec/2025 02:46:51] "GET /socket.io/?EIO=4&transport=polling&t=Pi10IQ8&sid=8_TY9ZY0Eztc9_SkAAAA HTTP/1.1" 200 213 0.000160
(5875) accepted ('127.0.0.1', 41810)
127.0.0.1 - - [09/Dec/2025 02:46:51] "GET /socket.io/?EIO=4&transport=polling&t=Pi10IQL&sid=8_TY9ZY0Eztc9_SkAAAA HTTP/1.1" 200 181 0.000168
127.0.0.1 - - [09/Dec/2025 02:46:51] "GET /socket.io/?EIO=4&transport=polling&t=Pi10IQW&sid=8_TY9ZY0Eztc9_SkAAAA HTTP/1.1" 200 181 0.000208
127.0.0.1 - - [09/Dec/2025 02:46:51] "GET /api/projects HTTP/1.1" 200 531 0.000960
127.0.0.1 - - [09/Dec/2025 02:46:51] "GET /api/files/list?project_name=TestProject&path= HTTP/1.1" 200 270 0.000921
127.0.0.1 - - [09/Dec/2025 02:46:51] "GET /api/files/read?project_name=TestProject&path=main.py HTTP/1.1" 200 281 0.001001
2025-12-09 02:46:56,625 - INFO - __main__ - Client disconnected
127.0.0.1 - - [09/Dec/2025 02:46:56] "GET /socket.io/?EIO=4&transport=websocket&sid=8_TY9ZY0Eztc9_SkAAAA HTTP/1.1" 200 0 5.348837
ReflectionLog: Loading log from '/app/ai_assistant/core/data/reflection_log.json'...
ReflectionLog: Loaded 2 entries from '/app/ai_assistant/core/data/reflection_log.json'.
ToolSystem: Initializing with registry file: /app/ai_assistant/core/data/tool_registry.json
ToolSystem: Loading persisted tools from '/app/ai_assistant/core/data/tool_registry.json'...
[DEBUG LOAD TOOL_SYSTEM] Loaded 'get_self_awareness_info_and_converse' with module_path: ai_assistant.custom_tools.awareness_tools
ToolSystem: Successfully processed 52 persisted tools from file.
ToolSystem: System tools registered.
ToolSystem: Discovering custom tools from module: ai_assistant.custom_tools.my_extra_tools
ToolSystem: Finished discovery for 'ai_assistant.custom_tools.my_extra_tools'. No new tools were registered in this pass.
ToolSystem: Discovering custom tools from module: ai_assistant.custom_tools.awareness_tools
ToolSystem: Finished discovery for 'ai_assistant.custom_tools.awareness_tools'. No new tools were registered in this pass.
ToolSystem: Discovering custom tools from module: ai_assistant.custom_tools.config_management_tools
ToolSystem: Finished discovery for 'ai_assistant.custom_tools.config_management_tools'. No new tools were registered in this pass.
ToolSystem: Discovering custom tools from module: ai_assistant.custom_tools.conversational_tools
ToolSystem: Finished discovery for 'ai_assistant.custom_tools.conversational_tools'. No new tools were registered in this pass.
ToolSystem: Discovering custom tools from module: ai_assistant.custom_tools.project_management_tools
ToolSystem: Finished discovery for 'ai_assistant.custom_tools.project_management_tools'. No new tools were registered in this pass.
ToolSystem: Discovering custom tools from module: ai_assistant.custom_tools.project_execution_tools
ToolSystem: Finished discovery for 'ai_assistant.custom_tools.project_execution_tools'. No new tools were registered in this pass.
ToolSystem: Discovering custom tools from module: ai_assistant.custom_tools.code_execution_tools
ToolSystem: Finished discovery for 'ai_assistant.custom_tools.code_execution_tools'. No new tools were registered in this pass.
ToolSystem: Discovering custom tools from module: ai_assistant.custom_tools.file_system_tools
ToolSystem: Finished discovery for 'ai_assistant.custom_tools.file_system_tools'. No new tools were registered in this pass.
ToolSystem: Discovering custom tools from module: ai_assistant.custom_tools.git_tools
ToolSystem: Finished discovery for 'ai_assistant.custom_tools.git_tools'. No new tools were registered in this pass.
ToolSystem: Discovering custom tools from module: ai_assistant.custom_tools.knowledge_tools
ToolSystem: Finished discovery for 'ai_assistant.custom_tools.knowledge_tools'. No new tools were registered in this pass.
ToolSystem: Discovering custom tools from module: ai_assistant.custom_tools.meta_programming_tools
ToolSystem: Finished discovery for 'ai_assistant.custom_tools.meta_programming_tools'. No new tools were registered in this pass.
ToolSystem: Discovering custom tools from module: ai_assistant.custom_tools.suggestion_management_tools
ToolSystem: Finished discovery for 'ai_assistant.custom_tools.suggestion_management_tools'. No new tools were registered in this pass.
ToolSystem: Discovering custom tools from module: ai_assistant.custom_tools.agent_tools
ToolSystem: Finished discovery for 'ai_assistant.custom_tools.agent_tools'. No new tools were registered in this pass.
ToolSystem: Discovering custom tools from module: ai_assistant.custom_tools.generated
ToolSystem: Finished discovery for 'ai_assistant.custom_tools.generated'. No new tools were registered in this pass.
ToolSystem: Tool 'greet_user' is being re-registered/updated. Description: 'Greets the user. Args: name (str)'
ToolSystem: Tool 'add_numbers' is being re-registered/updated. Description: 'Adds two integers. Args: a (int), b (int)'
ToolSystem: Tool 'multiply_numbers' is being re-registered/updated. Description: 'Multiplies two floats. Args: x (float), y (float)'
ToolSystem: Tool 'no_op_tool' is being re-registered/updated. Description: 'Does nothing, useful for default plans.'
ToolSystem: Tool 'view_function_code' is being re-registered/updated. Description: 'Retrieves the source code of a specified function. Inputs: module_path (str), function_name (str).'
ToolSystem: Tool 'simulate_edit_function_code' is being re-registered/updated. Description: 'Simulates editing source code. Inputs: module_path (str), function_name (str), new_code_block (str).'
ToolSystem: Tool 'maybe_fail_tool' is being re-registered/updated. Description: 'A tool that fails on its 1st, 3rd, etc. call and succeeds on its 2nd, 4th, etc. call.'
ToolSystem: Example tools registration attempt finished.
ToolSystem: Initialization complete. 53 tools registered.
StartupServices: Checking for interrupted tasks...
StartupServices: No potentially interrupted tasks found.
[DEBUG] Initializing ActionExecutor...
ActionExecutor initialized.
[DEBUG] CodeService initialized with llm_provider: <module 'ai_assistant.llm_interface.ollama_client' from '/app/ai_assistant/llm_interface/ollama_client.py'>, self_modification_service: <module 'ai_assistant.core.self_modification' from '/app/ai_assistant/core/self_modification.py'>, task_manager: <ai_assistant.core.task_manager.TaskManager object at 0x7fa7714e7200>, notification_manager: <ai_assistant.core.notification_manager.NotificationManager object at 0x7fa77130e3c0>
[DEBUG] CodeService instance in ActionExecutor: <ai_assistant.code_services.service.CodeService object at 0x7fa772a27800>
[DEBUG] TaskManager instance in ActionExecutor: <ai_assistant.core.task_manager.TaskManager object at 0x7fa7714e7200>
[DEBUG] NotificationManager instance in ActionExecutor: <ai_assistant.core.notification_manager.NotificationManager object at 0x7fa77130e3c0>
LearningAgent: Loading insights from '/home/jules/.ai_assistant/actionable_insights.json'...
LearningAgent: Loaded 0 actionable insights from '/home/jules/.ai_assistant/actionable_insights.json'.
[DEBUG] Initializing ActionExecutor...
ActionExecutor initialized.
[DEBUG] CodeService initialized with llm_provider: <module 'ai_assistant.llm_interface.ollama_client' from '/app/ai_assistant/llm_interface/ollama_client.py'>, self_modification_service: <module 'ai_assistant.core.self_modification' from '/app/ai_assistant/core/self_modification.py'>, task_manager: <ai_assistant.core.task_manager.TaskManager object at 0x7fa7714e7200>, notification_manager: <ai_assistant.core.notification_manager.NotificationManager object at 0x7fa77130e3c0>
[DEBUG] CodeService instance in ActionExecutor: <ai_assistant.code_services.service.CodeService object at 0x7fa771341d00>
[DEBUG] TaskManager instance in ActionExecutor: <ai_assistant.core.task_manager.TaskManager object at 0x7fa7714e7200>
[DEBUG] NotificationManager instance in ActionExecutor: <ai_assistant.core.notification_manager.NotificationManager object at 0x7fa77130e3c0>
ReflectionLog: Loading log from '/app/ai_assistant/core/data/reflection_log.json'...
ReflectionLog: Loaded 2 entries from '/app/ai_assistant/core/data/reflection_log.json'.
ToolSystem: Initializing with registry file: /app/ai_assistant/core/data/tool_registry.json
ToolSystem: Loading persisted tools from '/app/ai_assistant/core/data/tool_registry.json'...
[DEBUG LOAD TOOL_SYSTEM] Loaded 'get_self_awareness_info_and_converse' with module_path: ai_assistant.custom_tools.awareness_tools
ToolSystem: Successfully processed 52 persisted tools from file.
ToolSystem: System tools registered.
ToolSystem: Discovering custom tools from module: ai_assistant.custom_tools.my_extra_tools
ToolSystem: Finished discovery for 'ai_assistant.custom_tools.my_extra_tools'. No new tools were registered in this pass.
ToolSystem: Discovering custom tools from module: ai_assistant.custom_tools.awareness_tools
ToolSystem: Finished discovery for 'ai_assistant.custom_tools.awareness_tools'. No new tools were registered in this pass.
ToolSystem: Discovering custom tools from module: ai_assistant.custom_tools.config_management_tools
ToolSystem: Finished discovery for 'ai_assistant.custom_tools.config_management_tools'. No new tools were registered in this pass.
ToolSystem: Discovering custom tools from module: ai_assistant.custom_tools.conversational_tools
ToolSystem: Finished discovery for 'ai_assistant.custom_tools.conversational_tools'. No new tools were registered in this pass.
ToolSystem: Discovering custom tools from module: ai_assistant.custom_tools.project_management_tools
ToolSystem: Finished discovery for 'ai_assistant.custom_tools.project_management_tools'. No new tools were registered in this pass.
ToolSystem: Discovering custom tools from module: ai_assistant.custom_tools.project_execution_tools
ToolSystem: Finished discovery for 'ai_assistant.custom_tools.project_execution_tools'. No new tools were registered in this pass.
ToolSystem: Discovering custom tools from module: ai_assistant.custom_tools.code_execution_tools
ToolSystem: Finished discovery for 'ai_assistant.custom_tools.code_execution_tools'. No new tools were registered in this pass.
ToolSystem: Discovering custom tools from module: ai_assistant.custom_tools.file_system_tools
ToolSystem: Finished discovery for 'ai_assistant.custom_tools.file_system_tools'. No new tools were registered in this pass.
ToolSystem: Discovering custom tools from module: ai_assistant.custom_tools.git_tools
ToolSystem: Finished discovery for 'ai_assistant.custom_tools.git_tools'. No new tools were registered in this pass.
ToolSystem: Discovering custom tools from module: ai_assistant.custom_tools.knowledge_tools
ToolSystem: Finished discovery for 'ai_assistant.custom_tools.knowledge_tools'. No new tools were registered in this pass.
ToolSystem: Discovering custom tools from module: ai_assistant.custom_tools.meta_programming_tools
ToolSystem: Finished discovery for 'ai_assistant.custom_tools.meta_programming_tools'. No new tools were registered in this pass.
ToolSystem: Discovering custom tools from module: ai_assistant.custom_tools.suggestion_management_tools
ToolSystem: Finished discovery for 'ai_assistant.custom_tools.suggestion_management_tools'. No new tools were registered in this pass.
ToolSystem: Discovering custom tools from module: ai_assistant.custom_tools.agent_tools
ToolSystem: Finished discovery for 'ai_assistant.custom_tools.agent_tools'. No new tools were registered in this pass.
ToolSystem: Discovering custom tools from module: ai_assistant.custom_tools.generated
ToolSystem: Finished discovery for 'ai_assistant.custom_tools.generated'. No new tools were registered in this pass.
ToolSystem: Tool 'greet_user' is being re-registered/updated. Description: 'Greets the user. Args: name (str)'
ToolSystem: Tool 'add_numbers' is being re-registered/updated. Description: 'Adds two integers. Args: a (int), b (int)'
ToolSystem: Tool 'multiply_numbers' is being re-registered/updated. Description: 'Multiplies two floats. Args: x (float), y (float)'
ToolSystem: Tool 'no_op_tool' is being re-registered/updated. Description: 'Does nothing, useful for default plans.'
ToolSystem: Tool 'view_function_code' is being re-registered/updated. Description: 'Retrieves the source code of a specified function. Inputs: module_path (str), function_name (str).'
ToolSystem: Tool 'simulate_edit_function_code' is being re-registered/updated. Description: 'Simulates editing source code. Inputs: module_path (str), function_name (str), new_code_block (str).'
ToolSystem: Tool 'maybe_fail_tool' is being re-registered/updated. Description: 'A tool that fails on its 1st, 3rd, etc. call and succeeds on its 2nd, 4th, etc. call.'
ToolSystem: Example tools registration attempt finished.
ToolSystem: Initialization complete. 53 tools registered.
StartupServices: Checking for interrupted tasks...
StartupServices: No potentially interrupted tasks found.
[DEBUG] Initializing ActionExecutor...
ActionExecutor initialized.
[DEBUG] CodeService initialized with llm_provider: <module 'ai_assistant.llm_interface.ollama_client' from '/app/ai_assistant/llm_interface/ollama_client.py'>, self_modification_service: <module 'ai_assistant.core.self_modification' from '/app/ai_assistant/core/self_modification.py'>, task_manager: <ai_assistant.core.task_manager.TaskManager object at 0x7ff1ee98d1c0>, notification_manager: <ai_assistant.core.notification_manager.NotificationManager object at 0x7ff1edc12420>
[DEBUG] CodeService instance in ActionExecutor: <ai_assistant.code_services.service.CodeService object at 0x7ff1eda2dc70>
[DEBUG] TaskManager instance in ActionExecutor: <ai_assistant.core.task_manager.TaskManager object at 0x7ff1ee98d1c0>
[DEBUG] NotificationManager instance in ActionExecutor: <ai_assistant.core.notification_manager.NotificationManager object at 0x7ff1edc12420>
LearningAgent: Loading insights from '/home/jules/.ai_assistant/actionable_insights.json'...
LearningAgent: Loaded 0 actionable insights from '/home/jules/.ai_assistant/actionable_insights.json'.
[DEBUG] Initializing ActionExecutor...
ActionExecutor initialized.
[DEBUG] CodeService initialized with llm_provider: <module 'ai_assistant.llm_interface.ollama_client' from '/app/ai_assistant/llm_interface/ollama_client.py'>, self_modification_service: <module 'ai_assistant.core.self_modification' from '/app/ai_assistant/core/self_modification.py'>, task_manager: <ai_assistant.core.task_manager.TaskManager object at 0x7ff1ee98d1c0>, notification_manager: <ai_assistant.core.notification_manager.NotificationManager object at 0x7ff1edc12420>
[DEBUG] CodeService instance in ActionExecutor: <ai_assistant.code_services.service.CodeService object at 0x7ff1eda2dca0>
[DEBUG] TaskManager instance in ActionExecutor: <ai_assistant.core.task_manager.TaskManager object at 0x7ff1ee98d1c0>
[DEBUG] NotificationManager instance in ActionExecutor: <ai_assistant.core.notification_manager.NotificationManager object at 0x7ff1edc12420>
