/app/web_app.py:1: DeprecationWarning:
Eventlet is deprecated. It is currently being maintained in bugfix mode, and
we strongly recommend against using it for new projects.

If you are already using Eventlet, we recommend migrating to a different
framework.  For more detail see
https://eventlet.readthedocs.io/en/latest/asyncio/migration.html

  import eventlet
2025-12-09 02:49:56,819 - INFO - ai_assistant.code_services.service - CodeService initialized.
2025-12-09 02:49:56,819 - INFO - ai_assistant.code_services.service - CodeService initialized.
2025-12-09 02:49:56,820 - INFO - __main__ - Orchestrator initialized successfully.
2025-12-09 02:49:56,830 - INFO - werkzeug -  * Restarting with stat
2025-12-09 02:49:56,830 - INFO - __main__ - Starting telemetry watcher on /app/ai_assistant/core/data/projects
/app/web_app.py:1: DeprecationWarning:
Eventlet is deprecated. It is currently being maintained in bugfix mode, and
we strongly recommend against using it for new projects.

If you are already using Eventlet, we recommend migrating to a different
framework.  For more detail see
https://eventlet.readthedocs.io/en/latest/asyncio/migration.html

  import eventlet
2025-12-09 02:49:57,766 - INFO - ai_assistant.code_services.service - CodeService initialized.
2025-12-09 02:49:57,766 - INFO - ai_assistant.code_services.service - CodeService initialized.
2025-12-09 02:49:57,766 - INFO - __main__ - Orchestrator initialized successfully.
2025-12-09 02:49:57,776 - WARNING - werkzeug -  * Debugger is active!
2025-12-09 02:49:57,776 - INFO - werkzeug -  * Debugger PIN: 142-521-337
2025-12-09 02:49:57,780 - INFO - __main__ - Starting telemetry watcher on /app/ai_assistant/core/data/projects
(9862) wsgi starting up on http://127.0.0.1:5000
(9862) accepted ('127.0.0.1', 53120)
127.0.0.1 - - [09/Dec/2025 02:50:11] "GET / HTTP/1.1" 200 4583 0.006711
127.0.0.1 - - [09/Dec/2025 02:50:11] "GET /static/css/style.css HTTP/1.1" 200 8507 0.006626
(9862) accepted ('127.0.0.1', 53124)
127.0.0.1 - - [09/Dec/2025 02:50:11] "GET /static/js/main.js HTTP/1.1" 200 17709 0.000891
127.0.0.1 - - [09/Dec/2025 02:50:11] "GET /socket.io/?EIO=4&transport=polling&t=Pi113Mr HTTP/1.1" 200 300 0.000504
2025-12-09 02:50:11,776 - INFO - __main__ - Client connected
127.0.0.1 - - [09/Dec/2025 02:50:11] "POST /socket.io/?EIO=4&transport=polling&t=Pi113Mx&sid=Zsu65VdJvpyDUiI1AAAA HTTP/1.1" 200 219 0.001570
(9862) accepted ('127.0.0.1', 53130)
127.0.0.1 - - [09/Dec/2025 02:50:11] "GET /socket.io/?EIO=4&transport=polling&t=Pi113Mz&sid=Zsu65VdJvpyDUiI1AAAA HTTP/1.1" 200 213 0.000177
127.0.0.1 - - [09/Dec/2025 02:50:11] "GET /socket.io/?EIO=4&transport=polling&t=Pi113NG&sid=Zsu65VdJvpyDUiI1AAAA HTTP/1.1" 200 181 0.000168
127.0.0.1 - - [09/Dec/2025 02:50:11] "GET /api/projects HTTP/1.1" 200 531 0.001211
127.0.0.1 - - [09/Dec/2025 02:50:11] "GET /api/files/list?project_name=TestProject&path= HTTP/1.1" 200 270 0.000886
127.0.0.1 - - [09/Dec/2025 02:50:12] "GET /api/files/read?project_name=TestProject&path=main.py HTTP/1.1" 200 281 0.000925
2025-12-09 02:50:14,260 - INFO - __main__ - Client disconnected
127.0.0.1 - - [09/Dec/2025 02:50:14] "GET /socket.io/?EIO=4&transport=websocket&sid=Zsu65VdJvpyDUiI1AAAA HTTP/1.1" 200 0 2.482411
ReflectionLog: Loading log from '/app/ai_assistant/core/data/reflection_log.json'...
ReflectionLog: Loaded 2 entries from '/app/ai_assistant/core/data/reflection_log.json'.
ToolSystem: Initializing with registry file: /app/ai_assistant/core/data/tool_registry.json
ToolSystem: Loading persisted tools from '/app/ai_assistant/core/data/tool_registry.json'...
[DEBUG LOAD TOOL_SYSTEM] Loaded 'get_self_awareness_info_and_converse' with module_path: ai_assistant.custom_tools.awareness_tools
ToolSystem: Successfully processed 52 persisted tools from file.
ToolSystem: System tools registered.
ToolSystem: Discovering custom tools from module: ai_assistant.custom_tools.my_extra_tools
ToolSystem: Finished discovery for 'ai_assistant.custom_tools.my_extra_tools'. No new tools were registered in this pass.
ToolSystem: Discovering custom tools from module: ai_assistant.custom_tools.awareness_tools
ToolSystem: Finished discovery for 'ai_assistant.custom_tools.awareness_tools'. No new tools were registered in this pass.
ToolSystem: Discovering custom tools from module: ai_assistant.custom_tools.config_management_tools
ToolSystem: Finished discovery for 'ai_assistant.custom_tools.config_management_tools'. No new tools were registered in this pass.
ToolSystem: Discovering custom tools from module: ai_assistant.custom_tools.conversational_tools
ToolSystem: Finished discovery for 'ai_assistant.custom_tools.conversational_tools'. No new tools were registered in this pass.
ToolSystem: Discovering custom tools from module: ai_assistant.custom_tools.project_management_tools
ToolSystem: Finished discovery for 'ai_assistant.custom_tools.project_management_tools'. No new tools were registered in this pass.
ToolSystem: Discovering custom tools from module: ai_assistant.custom_tools.project_execution_tools
ToolSystem: Finished discovery for 'ai_assistant.custom_tools.project_execution_tools'. No new tools were registered in this pass.
ToolSystem: Discovering custom tools from module: ai_assistant.custom_tools.code_execution_tools
ToolSystem: Finished discovery for 'ai_assistant.custom_tools.code_execution_tools'. No new tools were registered in this pass.
ToolSystem: Discovering custom tools from module: ai_assistant.custom_tools.file_system_tools
ToolSystem: Finished discovery for 'ai_assistant.custom_tools.file_system_tools'. No new tools were registered in this pass.
ToolSystem: Discovering custom tools from module: ai_assistant.custom_tools.git_tools
ToolSystem: Finished discovery for 'ai_assistant.custom_tools.git_tools'. No new tools were registered in this pass.
ToolSystem: Discovering custom tools from module: ai_assistant.custom_tools.knowledge_tools
ToolSystem: Finished discovery for 'ai_assistant.custom_tools.knowledge_tools'. No new tools were registered in this pass.
ToolSystem: Discovering custom tools from module: ai_assistant.custom_tools.meta_programming_tools
ToolSystem: Finished discovery for 'ai_assistant.custom_tools.meta_programming_tools'. No new tools were registered in this pass.
ToolSystem: Discovering custom tools from module: ai_assistant.custom_tools.suggestion_management_tools
ToolSystem: Finished discovery for 'ai_assistant.custom_tools.suggestion_management_tools'. No new tools were registered in this pass.
ToolSystem: Discovering custom tools from module: ai_assistant.custom_tools.agent_tools
ToolSystem: Finished discovery for 'ai_assistant.custom_tools.agent_tools'. No new tools were registered in this pass.
ToolSystem: Discovering custom tools from module: ai_assistant.custom_tools.generated
ToolSystem: Finished discovery for 'ai_assistant.custom_tools.generated'. No new tools were registered in this pass.
ToolSystem: Tool 'greet_user' is being re-registered/updated. Description: 'Greets the user. Args: name (str)'
ToolSystem: Tool 'add_numbers' is being re-registered/updated. Description: 'Adds two integers. Args: a (int), b (int)'
ToolSystem: Tool 'multiply_numbers' is being re-registered/updated. Description: 'Multiplies two floats. Args: x (float), y (float)'
ToolSystem: Tool 'no_op_tool' is being re-registered/updated. Description: 'Does nothing, useful for default plans.'
ToolSystem: Tool 'view_function_code' is being re-registered/updated. Description: 'Retrieves the source code of a specified function. Inputs: module_path (str), function_name (str).'
ToolSystem: Tool 'simulate_edit_function_code' is being re-registered/updated. Description: 'Simulates editing source code. Inputs: module_path (str), function_name (str), new_code_block (str).'
ToolSystem: Tool 'maybe_fail_tool' is being re-registered/updated. Description: 'A tool that fails on its 1st, 3rd, etc. call and succeeds on its 2nd, 4th, etc. call.'
ToolSystem: Example tools registration attempt finished.
ToolSystem: Initialization complete. 53 tools registered.
StartupServices: Checking for interrupted tasks...
StartupServices: No potentially interrupted tasks found.
[DEBUG] Initializing ActionExecutor...
ActionExecutor initialized.
[DEBUG] CodeService initialized with llm_provider: <module 'ai_assistant.llm_interface.ollama_client' from '/app/ai_assistant/llm_interface/ollama_client.py'>, self_modification_service: <module 'ai_assistant.core.self_modification' from '/app/ai_assistant/core/self_modification.py'>, task_manager: <ai_assistant.core.task_manager.TaskManager object at 0x7f4bf270d340>, notification_manager: <ai_assistant.core.notification_manager.NotificationManager object at 0x7f4bf2e53bf0>
[DEBUG] CodeService instance in ActionExecutor: <ai_assistant.code_services.service.CodeService object at 0x7f4bf273dd00>
[DEBUG] TaskManager instance in ActionExecutor: <ai_assistant.core.task_manager.TaskManager object at 0x7f4bf270d340>
[DEBUG] NotificationManager instance in ActionExecutor: <ai_assistant.core.notification_manager.NotificationManager object at 0x7f4bf2e53bf0>
LearningAgent: Loading insights from '/home/jules/.ai_assistant/actionable_insights.json'...
LearningAgent: Loaded 0 actionable insights from '/home/jules/.ai_assistant/actionable_insights.json'.
[DEBUG] Initializing ActionExecutor...
ActionExecutor initialized.
[DEBUG] CodeService initialized with llm_provider: <module 'ai_assistant.llm_interface.ollama_client' from '/app/ai_assistant/llm_interface/ollama_client.py'>, self_modification_service: <module 'ai_assistant.core.self_modification' from '/app/ai_assistant/core/self_modification.py'>, task_manager: <ai_assistant.core.task_manager.TaskManager object at 0x7f4bf270d340>, notification_manager: <ai_assistant.core.notification_manager.NotificationManager object at 0x7f4bf2e53bf0>
[DEBUG] CodeService instance in ActionExecutor: <ai_assistant.code_services.service.CodeService object at 0x7f4bf273dd60>
[DEBUG] TaskManager instance in ActionExecutor: <ai_assistant.core.task_manager.TaskManager object at 0x7f4bf270d340>
[DEBUG] NotificationManager instance in ActionExecutor: <ai_assistant.core.notification_manager.NotificationManager object at 0x7f4bf2e53bf0>
